ERC report (2026-04-11T12:28:25+0530, Encoding UTF8)

***** Sheet /
[pin_not_connected]: Pin not connected
    ; error
    @(7690 mils, 1415 mils): Symbol U1 Pin 30 [D23, Passive, Line]
[pin_not_connected]: Pin not connected
    ; error
    @(7690 mils, 1565 mils): Symbol U1 Pin 29 [D22, Passive, Line]
[endpoint_off_grid]: Symbol pin or wire end off connection grid
    ; warning
    @(7690 mils, 1569 mils): Horizontal Wire, length 118 mils
[pin_not_connected]: Pin not connected
    ; error
    @(7690 mils, 1715 mils): Symbol U1 Pin 28 [TX0, Passive, Line]
[pin_not_connected]: Pin not connected
    ; error
    @(7690 mils, 1865 mils): Symbol U1 Pin 27 [RX0, Passive, Line]
[endpoint_off_grid]: Symbol pin or wire end off connection grid
    ; warning
    @(7690 mils, 1719 mils): Horizontal Wire, length 118 mils
[endpoint_off_grid]: Symbol pin or wire end off connection grid
    ; warning
    @(7690 mils, 1869 mils): Horizontal Wire, length 118 mils
[lib_symbol_mismatch]: Symbol 'R' doesn't match copy in library 'Device'
    ; warning
    @(8583 mils, 1378 mils): Symbol R2 [R]
[endpoint_off_grid]: Symbol pin or wire end off connection grid
    ; warning
    @(8583 mils, 1228 mils): Symbol R2 Pin 1 [Passive, Line]
[endpoint_off_grid]: Symbol pin or wire end off connection grid
    ; warning
    @(7690 mils, 2915 mils): Horizontal Wire, length 118 mils
[endpoint_off_grid]: Symbol pin or wire end off connection grid
    ; warning
    @(7690 mils, 3065 mils): Horizontal Wire, length 118 mils
[endpoint_off_grid]: Symbol pin or wire end off connection grid
    ; warning
    @(7690 mils, 2765 mils): Horizontal Wire, length 118 mils
[endpoint_off_grid]: Symbol pin or wire end off connection grid
    ; warning
    @(7690 mils, 2015 mils): Horizontal Wire, length 118 mils
[endpoint_off_grid]: Symbol pin or wire end off connection grid
    ; warning
    @(7690 mils, 2615 mils): Horizontal Wire, length 118 mils
[lib_symbol_mismatch]: Symbol 'R' doesn't match copy in library 'Device'
    ; warning
    @(8268 mils, 1378 mils): Symbol R1 [R]
[endpoint_off_grid]: Symbol pin or wire end off connection grid
    ; warning
    @(8268 mils, 1228 mils): Symbol R1 Pin 1 [Passive, Line]
[unconnected_wire_endpoint]: Unconnected wire endpoint
    ; warning
    @(10312 mils, 2012 mils): Horizontal Wire, length 118 mils
[label_dangling]: Label not connected to anything
    ; error
    @(10312 mils, 2012 mils): Label 'MOTOR_B-'
[unconnected_wire_endpoint]: Unconnected wire endpoint
    ; warning
    @(10312 mils, 2112 mils): Horizontal Wire, length 118 mils
[pin_not_connected]: Pin not connected
    ; error
    @(10430 mils, 2015 mils): Symbol U5 Pin 7 [Pin_7, Passive, Line]
[label_dangling]: Label not connected to anything
    ; error
    @(11611 mils, 1919 mils): Label 'MOTOR_A+'
[lib_symbol_issues]: The current configuration does not include the symbol library ''
    ; warning
    @(11811 mils, 1496 mils): Symbol J2 [Solar_Panel]
[endpoint_off_grid]: Symbol pin or wire end off connection grid
    ; warning
    @(11611 mils, 1919 mils): Symbol J3 Pin 1 [Pin_1, Passive, Line]
[endpoint_off_grid]: Symbol pin or wire end off connection grid
    ; warning
    @(11611 mils, 1446 mils): Symbol J2 Pin 1 [Pin_1, Passive, Line]
[label_dangling]: Label not connected to anything
    ; error
    @(11611 mils, 2019 mils): Label 'MOTOR_A-'
[lib_symbol_issues]: The current configuration does not include the symbol library ''
    ; warning
    @(11811 mils, 1969 mils): Symbol J3 [Motor_A]
[label_dangling]: Label not connected to anything
    ; error
    @(10312 mils, 2112 mils): Label 'PWMA'
[unconnected_wire_endpoint]: Unconnected wire endpoint
    ; warning
    @(10312 mils, 2212 mils): Horizontal Wire, length 118 mils
[label_dangling]: Label not connected to anything
    ; error
    @(10312 mils, 2212 mils): Label 'IN1'
[pin_not_connected]: Pin not connected
    ; error
    @(10430 mils, 2115 mils): Symbol U5 Pin 8 [Pin_8, Passive, Line]
[pin_not_connected]: Pin not connected
    ; error
    @(10430 mils, 2215 mils): Symbol U5 Pin 9 [Pin_9, Passive, Line]
[pin_not_connected]: Pin not connected
    ; error
    @(10430 mils, 2415 mils): Symbol U5 Pin 11 [Pin_11, Passive, Line]
[pin_not_connected]: Pin not connected
    ; error
    @(10430 mils, 1615 mils): Symbol U5 Pin 3 [Pin_3, Passive, Line]
[pin_not_connected]: Pin not connected
    ; error
    @(10430 mils, 1715 mils): Symbol U5 Pin 4 [Pin_4, Passive, Line]
[pin_not_connected]: Pin not connected
    ; error
    @(10430 mils, 1815 mils): Symbol U5 Pin 5 [Pin_5, Passive, Line]
[pin_not_connected]: Pin not connected
    ; error
    @(10430 mils, 1915 mils): Symbol U5 Pin 6 [Pin_6, Passive, Line]
[pin_not_connected]: Pin not connected
    ; error
    @(10430 mils, 1415 mils): Symbol U5 Pin 1 [Pin_1, Passive, Line]
[label_dangling]: Label not connected to anything
    ; error
    @(11611 mils, 2391 mils): Label 'MOTOR_B+'
[label_dangling]: Label not connected to anything
    ; error
    @(11611 mils, 2491 mils): Label 'MOTOR_B-'
[lib_symbol_issues]: The current configuration does not include the symbol library ''
    ; warning
    @(11811 mils, 2441 mils): Symbol J4 [Motor_B]
[endpoint_off_grid]: Symbol pin or wire end off connection grid
    ; warning
    @(11611 mils, 2391 mils): Symbol J4 Pin 1 [Pin_1, Passive, Line]
[lib_symbol_issues]: The current configuration does not include the symbol library ''
    ; warning
    @(7677 mils, 5118 mils): Symbol J6 [NEO6M_GPS]
[endpoint_off_grid]: Symbol pin or wire end off connection grid
    ; warning
    @(7477 mils, 4868 mils): Symbol J6 Pin 1 [Pin_1, Passive, Line]
[label_dangling]: Label not connected to anything
    ; error
    @(9249 mils, 4565 mils): Label 'CAM_TX'
[pin_not_connected]: Pin not connected
    ; error
    @(9249 mils, 4568 mils): Symbol U6 Pin 3 [Pin_3, Passive, Line]
[endpoint_off_grid]: Symbol pin or wire end off connection grid
    ; warning
    @(9249 mils, 4568 mils): Symbol U6 Pin 3 [Pin_3, Passive, Line]
[lib_symbol_mismatch]: Symbol 'C' doesn't match copy in library 'Device'
    ; warning
    @(8858 mils, 4528 mils): Symbol C10 [C]
[endpoint_off_grid]: Symbol pin or wire end off connection grid
    ; warning
    @(8858 mils, 4678 mils): Symbol C10 Pin 2 [Passive, Line]
[label_dangling]: Label not connected to anything
    ; error
    @(9249 mils, 4665 mils): Label 'CAM_RX'
[pin_not_connected]: Pin not connected
    ; error
    @(9249 mils, 4768 mils): Symbol U6 Pin 5 [Pin_5, Passive, Line]
[pin_not_connected]: Pin not connected
    ; error
    @(9249 mils, 4668 mils): Symbol U6 Pin 4 [Pin_4, Passive, Line]
[no_connect_dangling]: Unconnected "no connection" flag
    ; warning
    @(9249 mils, 4765 mils): No Connect
[no_connect_dangling]: Unconnected "no connection" flag
    ; warning
    @(9249 mils, 4865 mils): No Connect
[no_connect_dangling]: Unconnected "no connection" flag
    ; warning
    @(9249 mils, 4965 mils): No Connect
[pin_not_connected]: Pin not connected
    ; error
    @(9249 mils, 4868 mils): Symbol U6 Pin 6 [Pin_6, Passive, Line]
[pin_not_connected]: Pin not connected
    ; error
    @(9249 mils, 4968 mils): Symbol U6 Pin 7 [Pin_7, Passive, Line]
[pin_not_connected]: Pin not connected
    ; error
    @(9249 mils, 4468 mils): Symbol U6 Pin 2 [Pin_2, Passive, Line]
[pin_not_connected]: Pin not connected
    ; error
    @(9249 mils, 4368 mils): Symbol U6 Pin 1 [Pin_1, Passive, Line]
[label_dangling]: Label not connected to anything
    ; error
    @(9249 mils, 4365 mils): Label '+5V'
[endpoint_off_grid]: Symbol pin or wire end off connection grid
    ; warning
    @(10312 mils, 2112 mils): Horizontal Wire, length 118 mils
[endpoint_off_grid]: Symbol pin or wire end off connection grid
    ; warning
    @(10312 mils, 2212 mils): Horizontal Wire, length 118 mils
[endpoint_off_grid]: Symbol pin or wire end off connection grid
    ; warning
    @(10312 mils, 1912 mils): Horizontal Wire, length 118 mils
[endpoint_off_grid]: Symbol pin or wire end off connection grid
    ; warning
    @(10312 mils, 2012 mils): Horizontal Wire, length 118 mils
[pin_not_connected]: Pin not connected
    ; error
    @(10430 mils, 2315 mils): Symbol U5 Pin 10 [Pin_10, Passive, Line]
[unconnected_wire_endpoint]: Unconnected wire endpoint
    ; warning
    @(10312 mils, 2312 mils): Horizontal Wire, length 118 mils
[unconnected_wire_endpoint]: Unconnected wire endpoint
    ; warning
    @(10312 mils, 2512 mils): Horizontal Wire, length 118 mils
[lib_symbol_issues]: The current configuration does not include the symbol library ''
    ; warning
    @(10630 mils, 2165 mils): Symbol U5 [TB6612_Module]
[unconnected_wire_endpoint]: Unconnected wire endpoint
    ; warning
    @(10312 mils, 1512 mils): Horizontal Wire, length 118 mils
[unconnected_wire_endpoint]: Unconnected wire endpoint
    ; warning
    @(10312 mils, 1612 mils): Horizontal Wire, length 118 mils
[endpoint_off_grid]: Symbol pin or wire end off connection grid
    ; warning
    @(10312 mils, 1412 mils): Horizontal Wire, length 118 mils
[endpoint_off_grid]: Symbol pin or wire end off connection grid
    ; warning
    @(10312 mils, 1512 mils): Horizontal Wire, length 118 mils
[endpoint_off_grid]: Symbol pin or wire end off connection grid
    ; warning
    @(10312 mils, 1612 mils): Horizontal Wire, length 118 mils
[endpoint_off_grid]: Symbol pin or wire end off connection grid
    ; warning
    @(10430 mils, 1515 mils): Symbol U5 Pin 2 [Pin_2, Passive, Line]
[endpoint_off_grid]: Symbol pin or wire end off connection grid
    ; warning
    @(10312 mils, 1712 mils): Horizontal Wire, length 118 mils
[endpoint_off_grid]: Symbol pin or wire end off connection grid
    ; warning
    @(10312 mils, 1812 mils): Horizontal Wire, length 118 mils
[label_dangling]: Label not connected to anything
    ; error
    @(10312 mils, 2312 mils): Label 'IN2'
[unconnected_wire_endpoint]: Unconnected wire endpoint
    ; warning
    @(10312 mils, 2412 mils): Horizontal Wire, length 118 mils
[endpoint_off_grid]: Symbol pin or wire end off connection grid
    ; warning
    @(10312 mils, 2312 mils): Horizontal Wire, length 118 mils
[lib_symbol_issues]: The current configuration does not include the symbol library ''
    ; warning
    @(9449 mils, 6496 mils): Symbol J11 [IR_Sensor_5]
[endpoint_off_grid]: Symbol pin or wire end off connection grid
    ; warning
    @(9249 mils, 6396 mils): Symbol J11 Pin 1 [Pin_1, Passive, Line]
[pin_not_connected]: Pin not connected
    ; error
    @(9249 mils, 5568 mils): Symbol U6 Pin 13 [Pin_13, Passive, Line]
[pin_not_connected]: Pin not connected
    ; error
    @(9249 mils, 5468 mils): Symbol U6 Pin 12 [Pin_12, Passive, Line]
[no_connect_dangling]: Unconnected "no connection" flag
    ; warning
    @(9249 mils, 5565 mils): No Connect
[no_connect_dangling]: Unconnected "no connection" flag
    ; warning
    @(9249 mils, 5465 mils): No Connect
[lib_symbol_issues]: The current configuration does not include the symbol library ''
    ; warning
    @(8465 mils, 6496 mils): Symbol J10 [IR_Sensor_4]
[lib_symbol_issues]: The current configuration does not include the symbol library ''
    ; warning
    @(7480 mils, 6496 mils): Symbol J9 [IR_Sensor_3]
[endpoint_off_grid]: Symbol pin or wire end off connection grid
    ; warning
    @(8265 mils, 6496 mils): Symbol J10 Pin 2 [Pin_2, Passive, Line]
[no_connect_dangling]: Unconnected "no connection" flag
    ; warning
    @(9249 mils, 5165 mils): No Connect
[no_connect_dangling]: Unconnected "no connection" flag
    ; warning
    @(9249 mils, 5065 mils): No Connect
[pin_not_connected]: Pin not connected
    ; error
    @(9249 mils, 5068 mils): Symbol U6 Pin 8 [Pin_8, Passive, Line]
[pin_not_connected]: Pin not connected
    ; error
    @(9249 mils, 5168 mils): Symbol U6 Pin 9 [Pin_9, Passive, Line]
[lib_symbol_issues]: The current configuration does not include the symbol library ''
    ; warning
    @(9449 mils, 5118 mils): Symbol U6 [ESP32_CAM]
[pin_not_connected]: Pin not connected
    ; error
    @(9249 mils, 5868 mils): Symbol U6 Pin 16 [Pin_16, Passive, Line]
[pin_not_connected]: Pin not connected
    ; error
    @(9249 mils, 5668 mils): Symbol U6 Pin 14 [Pin_14, Passive, Line]
[pin_not_connected]: Pin not connected
    ; error
    @(9249 mils, 5768 mils): Symbol U6 Pin 15 [Pin_15, Passive, Line]
[no_connect_dangling]: Unconnected "no connection" flag
    ; warning
    @(9249 mils, 5665 mils): No Connect
[no_connect_dangling]: Unconnected "no connection" flag
    ; warning
    @(9249 mils, 5765 mils): No Connect
[no_connect_dangling]: Unconnected "no connection" flag
    ; warning
    @(9249 mils, 5865 mils): No Connect
[pin_not_connected]: Pin not connected
    ; error
    @(9249 mils, 5268 mils): Symbol U6 Pin 10 [Pin_10, Passive, Line]
[pin_not_connected]: Pin not connected
    ; error
    @(9249 mils, 5368 mils): Symbol U6 Pin 11 [Pin_11, Passive, Line]
[no_connect_dangling]: Unconnected "no connection" flag
    ; warning
    @(9249 mils, 5265 mils): No Connect
[no_connect_dangling]: Unconnected "no connection" flag
    ; warning
    @(9249 mils, 5365 mils): No Connect
[pin_not_connected]: Pin not connected
    ; error
    @(10430 mils, 1515 mils): Symbol U5 Pin 2 [Pin_2, Passive, Line]
[lib_symbol_mismatch]: Symbol 'C' doesn't match copy in library 'Device'
    ; warning
    @(10236 mils, 1378 mils): Symbol C7 [C]
[endpoint_off_grid]: Symbol pin or wire end off connection grid
    ; warning
    @(10236 mils, 1228 mils): Symbol C7 Pin 1 [Passive, Line]
[unconnected_wire_endpoint]: Unconnected wire endpoint
    ; warning
    @(10312 mils, 1712 mils): Horizontal Wire, length 118 mils
[label_dangling]: Label not connected to anything
    ; error
    @(10312 mils, 1712 mils): Label 'MOTOR_A+'
[unconnected_wire_endpoint]: Unconnected wire endpoint
    ; warning
    @(10312 mils, 1812 mils): Horizontal Wire, length 118 mils
[label_dangling]: Label not connected to anything
    ; error
    @(10312 mils, 1812 mils): Label 'MOTOR_A-'
[unconnected_wire_endpoint]: Unconnected wire endpoint
    ; warning
    @(10312 mils, 1912 mils): Horizontal Wire, length 118 mils
[label_dangling]: Label not connected to anything
    ; error
    @(10312 mils, 1912 mils): Label 'MOTOR_B+'
[unconnected_wire_endpoint]: Unconnected wire endpoint
    ; warning
    @(10312 mils, 1412 mils): Horizontal Wire, length 118 mils
[lib_symbol_mismatch]: Symbol 'C' doesn't match copy in library 'Device'
    ; warning
    @(9843 mils, 1378 mils): Symbol C6 [C]
[endpoint_off_grid]: Symbol pin or wire end off connection grid
    ; warning
    @(9843 mils, 1528 mils): Symbol C6 Pin 2 [Passive, Line]
[label_dangling]: Label not connected to anything
    ; error
    @(10312 mils, 2512 mils): Label 'IN3'
[endpoint_off_grid]: Symbol pin or wire end off connection grid
    ; warning
    @(10312 mils, 2412 mils): Horizontal Wire, length 118 mils
[endpoint_off_grid]: Symbol pin or wire end off connection grid
    ; warning
    @(10312 mils, 2512 mils): Horizontal Wire, length 118 mils
[label_dangling]: Label not connected to anything
    ; error
    @(10312 mils, 2612 mils): Label 'IN4'
[label_dangling]: Label not connected to anything
    ; error
    @(10312 mils, 2712 mils): Label 'PWMB'
[endpoint_off_grid]: Symbol pin or wire end off connection grid
    ; warning
    @(10312 mils, 2612 mils): Horizontal Wire, length 118 mils
[endpoint_off_grid]: Symbol pin or wire end off connection grid
    ; warning
    @(10312 mils, 2712 mils): Horizontal Wire, length 118 mils
[pin_not_connected]: Pin not connected
    ; error
    @(10430 mils, 2815 mils): Symbol U5 Pin 15 [Pin_15, Passive, Line]
[unconnected_wire_endpoint]: Unconnected wire endpoint
    ; warning
    @(10312 mils, 2812 mils): Horizontal Wire, length 118 mils
[endpoint_off_grid]: Symbol pin or wire end off connection grid
    ; warning
    @(10312 mils, 2812 mils): Horizontal Wire, length 118 mils
[pin_not_connected]: Pin not connected
    ; error
    @(10430 mils, 2615 mils): Symbol U5 Pin 13 [Pin_13, Passive, Line]
[pin_not_connected]: Pin not connected
    ; error
    @(10430 mils, 2515 mils): Symbol U5 Pin 12 [Pin_12, Passive, Line]
[pin_not_connected]: Pin not connected
    ; error
    @(10430 mils, 2715 mils): Symbol U5 Pin 14 [Pin_14, Passive, Line]
[unconnected_wire_endpoint]: Unconnected wire endpoint
    ; warning
    @(10312 mils, 2612 mils): Horizontal Wire, length 118 mils
[unconnected_wire_endpoint]: Unconnected wire endpoint
    ; warning
    @(10312 mils, 2712 mils): Horizontal Wire, length 118 mils
[pin_not_connected]: Pin not connected
    ; error
    @(10430 mils, 2915 mils): Symbol U5 Pin 16 [Pin_16, Passive, Line]
[unconnected_wire_endpoint]: Unconnected wire endpoint
    ; warning
    @(10312 mils, 2912 mils): Horizontal Wire, length 118 mils
[endpoint_off_grid]: Symbol pin or wire end off connection grid
    ; warning
    @(10312 mils, 2912 mils): Horizontal Wire, length 118 mils
[lib_symbol_issues]: The current configuration does not include the symbol library ''
    ; warning
    @(6102 mils, 5118 mils): Symbol J5 [OLED_I2C]
[endpoint_off_grid]: Symbol pin or wire end off connection grid
    ; warning
    @(5902 mils, 4968 mils): Symbol J5 Pin 1 [Pin_1, Passive, Line]
[endpoint_off_grid]: Symbol pin or wire end off connection grid
    ; warning
    @(7087 mils, 4968 mils): Symbol C9 Pin 1 [Passive, Line]
[label_dangling]: Label not connected to anything
    ; error
    @(5312 mils, 6596 mils): Label 'IR1'
[lib_symbol_issues]: The current configuration does not include the symbol library ''
    ; warning
    @(5512 mils, 6496 mils): Symbol J7 [IR_Sensor_1]
[endpoint_off_grid]: Symbol pin or wire end off connection grid
    ; warning
    @(5312 mils, 6396 mils): Symbol J7 Pin 1 [Pin_1, Passive, Line]
[lib_symbol_issues]: The current configuration does not include the symbol library ''
    ; warning
    @(6496 mils, 6496 mils): Symbol J8 [IR_Sensor_2]
[endpoint_off_grid]: Symbol pin or wire end off connection grid
    ; warning
    @(6296 mils, 6396 mils): Symbol J8 Pin 1 [Pin_1, Passive, Line]
[endpoint_off_grid]: Symbol pin or wire end off connection grid
    ; warning
    @(7280 mils, 6496 mils): Symbol J9 Pin 2 [Pin_2, Passive, Line]
[lib_symbol_mismatch]: Symbol 'PWR_FLAG' doesn't match copy in library 'power'
    ; warning
    @(3543 mils, 5118 mils): Symbol #FLG05 [PWR_FLAG]
[endpoint_off_grid]: Symbol pin or wire end off connection grid
    ; warning
    @(3543 mils, 5118 mils): Symbol #FLG05 Pin 1 [pwr, Power input, Line]
[endpoint_off_grid]: Symbol pin or wire end off connection grid
    ; warning
    @(2953 mils, 5118 mils): Symbol #FLG04 Pin 1 [pwr, Power input, Line]
[lib_symbol_mismatch]: Symbol 'PWR_FLAG' doesn't match copy in library 'power'
    ; warning
    @(1772 mils, 5118 mils): Symbol #FLG02 [PWR_FLAG]
[endpoint_off_grid]: Symbol pin or wire end off connection grid
    ; warning
    @(1772 mils, 5118 mils): Symbol #FLG02 Pin 1 [pwr, Power input, Line]
[pin_not_connected]: Pin not connected
    ; error
    @(2753 mils, 4531 mils): Symbol U4 Pin 5 [Pin_5, Passive, Line]
[lib_symbol_issues]: The current configuration does not include the symbol library ''
    ; warning
    @(2953 mils, 4331 mils): Symbol U4 [LM2596_Buck_2]
[endpoint_off_grid]: Symbol pin or wire end off connection grid
    ; warning
    @(2753 mils, 4131 mils): Symbol U4 Pin 1 [Pin_1, Passive, Line]
[pin_not_connected]: Pin not connected
    ; error
    @(2753 mils, 3350 mils): Symbol U3 Pin 5 [Pin_5, Passive, Line]
[lib_symbol_issues]: The current configuration does not include the symbol library ''
    ; warning
    @(2953 mils, 3150 mils): Symbol U3 [LM2596_Buck_1]
[endpoint_off_grid]: Symbol pin or wire end off connection grid
    ; warning
    @(2753 mils, 3250 mils): Symbol U3 Pin 4 [Pin_4, Passive, Line]
[lib_symbol_mismatch]: Symbol 'PWR_FLAG' doesn't match copy in library 'power'
    ; warning
    @(2953 mils, 5118 mils): Symbol #FLG04 [PWR_FLAG]
[lib_symbol_mismatch]: Symbol 'PWR_FLAG' doesn't match copy in library 'power'
    ; warning
    @(2362 mils, 5118 mils): Symbol #FLG03 [PWR_FLAG]
[endpoint_off_grid]: Symbol pin or wire end off connection grid
    ; warning
    @(2362 mils, 5118 mils): Symbol #FLG03 Pin 1 [pwr, Power input, Line]
[power_pin_not_driven]: Input Power pin not driven by any Output Power pins
    ; error
    @(1181 mils, 5118 mils): Symbol #FLG01 Pin 1 [pwr, Power input, Line]
[lib_symbol_mismatch]: Symbol 'PWR_FLAG' doesn't match copy in library 'power'
    ; warning
    @(1181 mils, 5118 mils): Symbol #FLG01 [PWR_FLAG]
[endpoint_off_grid]: Symbol pin or wire end off connection grid
    ; warning
    @(1181 mils, 5118 mils): Symbol #FLG01 Pin 1 [pwr, Power input, Line]
[lib_symbol_mismatch]: Symbol 'C' doesn't match copy in library 'Device'
    ; warning
    @(4528 mils, 1772 mils): Symbol C2 [C]
[endpoint_off_grid]: Symbol pin or wire end off connection grid
    ; warning
    @(4528 mils, 1622 mils): Symbol C2 Pin 1 [Passive, Line]
[endpoint_off_grid]: Symbol pin or wire end off connection grid
    ; warning
    @(6022 mils, 2165 mils): Horizontal Wire, length 118 mils
[endpoint_off_grid]: Symbol pin or wire end off connection grid
    ; warning
    @(5709 mils, 2212 mils): Symbol R3 Pin 1 [Passive, Line]
[endpoint_off_grid]: Symbol pin or wire end off connection grid
    ; warning
    @(6022 mils, 1869 mils): Horizontal Wire, length 118 mils
[endpoint_off_grid]: Symbol pin or wire end off connection grid
    ; warning
    @(6022 mils, 2015 mils): Horizontal Wire, length 118 mils
[endpoint_off_grid]: Symbol pin or wire end off connection grid
    ; warning
    @(6140 mils, 1565 mils): Symbol U1 Pin 2 [VP, Passive, Line]
[lib_symbol_mismatch]: Symbol 'C' doesn't match copy in library 'Device'
    ; warning
    @(4134 mils, 1772 mils): Symbol C1 [C]
[endpoint_off_grid]: Symbol pin or wire end off connection grid
    ; warning
    @(4134 mils, 1922 mils): Symbol C1 Pin 2 [Passive, Line]
[lib_symbol_mismatch]: Symbol 'C' doesn't match copy in library 'Device'
    ; warning
    @(4921 mils, 1772 mils): Symbol C3 [C]
[endpoint_off_grid]: Symbol pin or wire end off connection grid
    ; warning
    @(4921 mils, 1622 mils): Symbol C3 Pin 1 [Passive, Line]
[label_dangling]: Label not connected to anything
    ; error
    @(6022 mils, 2765 mils): Label 'PWMA'
[label_dangling]: Label not connected to anything
    ; error
    @(6022 mils, 2915 mils): Label 'IN3'
[endpoint_off_grid]: Symbol pin or wire end off connection grid
    ; warning
    @(6022 mils, 2765 mils): Horizontal Wire, length 118 mils
[endpoint_off_grid]: Symbol pin or wire end off connection grid
    ; warning
    @(6022 mils, 2915 mils): Horizontal Wire, length 118 mils
[label_dangling]: Label not connected to anything
    ; error
    @(6022 mils, 3065 mils): Label 'IN4'
[label_dangling]: Label not connected to anything
    ; error
    @(6022 mils, 3215 mils): Label 'PWMB'
[endpoint_off_grid]: Symbol pin or wire end off connection grid
    ; warning
    @(6022 mils, 3065 mils): Horizontal Wire, length 118 mils
[endpoint_off_grid]: Symbol pin or wire end off connection grid
    ; warning
    @(6022 mils, 3215 mils): Horizontal Wire, length 118 mils
[endpoint_off_grid]: Symbol pin or wire end off connection grid
    ; warning
    @(7040 mils, 3615 mils): Vertical Wire, length 118 mils
[endpoint_off_grid]: Symbol pin or wire end off connection grid
    ; warning
    @(7240 mils, 3615 mils): Vertical Wire, length 118 mils
[unconnected_wire_endpoint]: Unconnected wire endpoint
    ; warning
    @(6022 mils, 1869 mils): Horizontal Wire, length 118 mils
[no_connect_dangling]: Unconnected "no connection" flag
    ; warning
    @(6140 mils, 1719 mils): No Connect
[pin_not_connected]: Pin not connected
    ; error
    @(6140 mils, 1715 mils): Symbol U1 Pin 3 [VN, Passive, Line]
[pin_not_connected]: Pin not connected
    ; error
    @(6140 mils, 1865 mils): Symbol U1 Pin 4 [D34, Passive, Line]
[endpoint_off_grid]: Symbol pin or wire end off connection grid
    ; warning
    @(6790 mils, 3615 mils): Vertical Wire, length 118 mils
[endpoint_off_grid]: Symbol pin or wire end off connection grid
    ; warning
    @(6590 mils, 3615 mils): Vertical Wire, length 118 mils
[unconnected_wire_endpoint]: Unconnected wire endpoint
    ; warning
    @(7690 mils, 1569 mils): Horizontal Wire, length 118 mils
[no_connect_dangling]: Unconnected "no connection" flag
    ; warning
    @(7690 mils, 1419 mils): No Connect
[lib_symbol_issues]: The current configuration does not include the symbol library ''
    ; warning
    @(6890 mils, 2165 mils): Symbol U1 [ESP32_DEVKITV1]
[footprint_link_issues]: The current configuration does not include the footprint library 'esp32devkitv1'.
    ; warning
    @(6890 mils, 2165 mils): Symbol U1 [ESP32_DEVKITV1]
[label_dangling]: Label not connected to anything
    ; error
    @(6022 mils, 2615 mils): Label 'IN2'
[endpoint_off_grid]: Symbol pin or wire end off connection grid
    ; warning
    @(6022 mils, 2315 mils): Horizontal Wire, length 118 mils
[endpoint_off_grid]: Symbol pin or wire end off connection grid
    ; warning
    @(6022 mils, 2615 mils): Horizontal Wire, length 118 mils
[endpoint_off_grid]: Symbol pin or wire end off connection grid
    ; warning
    @(6022 mils, 2465 mils): Horizontal Wire, length 118 mils
[label_dangling]: Label not connected to anything
    ; error
    @(6022 mils, 2465 mils): Label 'IN1'
[no_connect_dangling]: Unconnected "no connection" flag
    ; warning
    @(6140 mils, 1569 mils): No Connect
[no_connect_dangling]: Unconnected "no connection" flag
    ; warning
    @(6140 mils, 1419 mils): No Connect
[pin_not_connected]: Pin not connected
    ; error
    @(6140 mils, 1565 mils): Symbol U1 Pin 2 [VP, Passive, Line]
[pin_not_connected]: Pin not connected
    ; error
    @(6140 mils, 1415 mils): Symbol U1 Pin 1 [EN, Passive, Line]
[unconnected_wire_endpoint]: Unconnected wire endpoint
    ; warning
    @(7690 mils, 1719 mils): Horizontal Wire, length 118 mils
[unconnected_wire_endpoint]: Unconnected wire endpoint
    ; warning
    @(7690 mils, 1869 mils): Horizontal Wire, length 118 mils
[label_dangling]: Label not connected to anything
    ; error
    @(6022 mils, 1869 mils): Label 'IR1'
[lib_symbol_mismatch]: Symbol 'R' doesn't match copy in library 'Device'
    ; warning
    @(5709 mils, 2362 mils): Symbol R3 [R]
[lib_symbol_mismatch]: Symbol 'C' doesn't match copy in library 'Device'
    ; warning
    @(5709 mils, 3937 mils): Symbol C4 [C]
[lib_symbol_mismatch]: Symbol 'C' doesn't match copy in library 'Device'
    ; warning
    @(6102 mils, 3937 mils): Symbol C5 [C]
[endpoint_off_grid]: Symbol pin or wire end off connection grid
    ; warning
    @(5709 mils, 4087 mils): Symbol C4 Pin 2 [Passive, Line]
[lib_symbol_mismatch]: Symbol 'C' doesn't match copy in library 'Device'
    ; warning
    @(7087 mils, 5118 mils): Symbol C9 [C]
[endpoint_off_grid]: Symbol pin or wire end off connection grid
    ; warning
    @(6102 mils, 3787 mils): Symbol C5 Pin 1 [Passive, Line]
[lib_symbol_mismatch]: Symbol 'C' doesn't match copy in library 'Device'
    ; warning
    @(5512 mils, 5118 mils): Symbol C8 [C]
[endpoint_off_grid]: Symbol pin or wire end off connection grid
    ; warning
    @(5512 mils, 4968 mils): Symbol C8 Pin 1 [Passive, Line]
[lib_symbol_issues]: The current configuration does not include the symbol library ''
    ; warning
    @(2953 mils, 1772 mils): Symbol U2 [TP4056_Module]
[endpoint_off_grid]: Symbol pin or wire end off connection grid
    ; warning
    @(2753 mils, 1622 mils): Symbol U2 Pin 2 [Pin_2, Passive, Line]
[lib_symbol_issues]: The current configuration does not include the symbol library ''
    ; warning
    @(1575 mils, 2953 mils): Symbol BT1 [Battery_Holder]
[endpoint_off_grid]: Symbol pin or wire end off connection grid
    ; warning
    @(1375 mils, 2903 mils): Symbol BT1 Pin 1 [Pin_1, Passive, Line]
[lib_symbol_issues]: The current configuration does not include the symbol library ''
    ; warning
    @(1575 mils, 1772 mils): Symbol J1 [Solar_Panel]
[endpoint_off_grid]: Symbol pin or wire end off connection grid
    ; warning
    @(1375 mils, 1822 mils): Symbol J1 Pin 2 [Pin_2, Passive, Line]
[multiple_net_names]: Both PWR_FLAG and GND are attached to the same items; PWR_FLAG will be used in the netlist
    ; warning
    @(1772 mils, 5118 mils): Symbol #FLG02 Pin 1 [pwr, Power input, Line]
    @(2753 mils, 1822 mils): Label 'GND'
[pin_not_connected]: Pin not connected
    ; error
    @(2753 mils, 1922 mils): Symbol U2 Pin 5 [Pin_5, Passive, Line]
[pin_not_connected]: Pin not connected
    ; error
    @(2753 mils, 2022 mils): Symbol U2 Pin 6 [Pin_6, Passive, Line]

 ** ERC messages: 218  Errors 70  Warnings 148
